[dotenv@17.2.3] injecting env (3) from .env -- tip: ≡ƒöÉ prevent committing .env to code: https://dotenvx.com/precommit
API Key length: 39
API Key starts with: AIzaS...
API Key ends with: ...auHxU
Testing Gemini API with model: gemini-1.5-flash
node : Error testing 
Gemini API:
At line:1 char:1
+ node test-gemini.js 
> test-output.txt 2>&1
+ ~~~~~~~~~~~~~~~~~~~~
~~~~~~~~~~~~~~~~~~~~~~
    + CategoryInfo    
          : NotSpeci  
  fied: (Error test   
 ing Gemini API::S    
tring) [], Remote    
Exception
    + FullyQualifiedE 
   rrorId : NativeCo  
  mmandError
 
GoogleGenerativeAIFetc
hError: 
[GoogleGenerativeAI 
Error]: Error 
fetching from https://
generativelanguage.goo
gleapis.com/v1beta/mod
els/gemini-1.5-flash:g
enerateContent: [404 
Not Found] models/gemi
ni-1.5-flash is not 
found for API version 
v1beta, or is not 
supported for 
generateContent. Call 
ListModels to see the 
list of available 
models and their 
supported methods.
    at 
handleResponseNotOk (f
ile:///D:/B.Tech/4th%2
0Year%20pro/agritech/n
ode_modules/@google/ge
nerative-ai/dist/index
.mjs:401:11)
    at process.process
TicksAndRejections (no
de:internal/process/ta
sk_queues:105:5)
    at async 
makeRequest (file:///D
:/B.Tech/4th%20Year%20
pro/agritech/node_modu
les/@google/generative
-ai/dist/index.mjs:374
:9)
    at async 
generateContent (file:
///D:/B.Tech/4th%20Yea
r%20pro/agritech/node_
modules/@google/genera
tive-ai/dist/index.mjs
:817:22)
    at async run (file
:///D:/B.Tech/4th%20Ye
ar%20pro/agritech/test
-gemini.js:28:24) {
  status: 404,
  statusText: 'Not 
Found',
  errorDetails: 
undefined
}
